2026-08-13T12:25:58Z INF Thank you for trying Cloudflare Tunnel. Doing so, without a Cloudflare account, is a quick way to experiment and try it out. However, be aware that these account-less Tunnels have no uptime guarantee, are subject to the Cloudflare Online Services Terms of Use (https://www.cloudflare.com/website-terms/), and Cloudflare reserves the right to investigate your use of Tunnels for violations of such terms. If you intend to use Tunnels in production you should use a pre-created named tunnel by following: https://developers.cloudflare.com/cloudflare-one/connections/connect-apps
2026-08-13T12:25:58Z INF Requesting new quick Tunnel on trycloudflare.com...
2026-08-13T12:26:06Z INF +--------------------------------------------------------------------------------------------+
2026-08-13T12:26:06Z INF |  Your quick Tunnel has been created! Visit it at (it may take some time to be reachable):  |
2026-08-13T12:26:06Z INF |  https://identifying-holds-employer-motel.trycloudflare.com                                |
2026-08-13T12:26:06Z INF +--------------------------------------------------------------------------------------------+
2026-08-13T12:26:06Z INF Cannot determine default configuration path. No file [config.yml config.yaml] in [~/.cloudflared ~/.cloudflare-warp ~/cloudflare-warp]
2026-08-13T12:26:06Z INF Version 2026.7.3 (Checksum 8635da433b6df8194746e88ed9d2589566c20e38bfc2a80e431a348b7c765841)
2026-08-13T12:26:06Z INF GOOS: windows, GOVersion: go1.26.4, GoArch: amd64
2026-08-13T12:26:06Z INF Settings: map[ha-connections:1 no-autoupdate:true protocol:quic url:http://localhost:3000]
2026-08-13T12:26:06Z INF cloudflared will not automatically update on Windows systems.
2026-08-13T12:26:06Z INF Generated Connector ID: 3feab1e6-1be2-431a-bde5-fc6d4af83525
2026-08-13T12:26:06Z INF Initial protocol quic
2026-08-13T12:26:06Z INF ICMP proxy will use 192.168.1.10 as source for IPv4
2026-08-13T12:26:06Z INF ICMP proxy will use 2409:8a55:3e10:490:d0d9:863b:ed47:97b4 in zone WLAN 16 as source for IPv6
2026-08-13T12:26:07Z INF cloudflared does not support loading the system root certificate pool on Windows. Please use --origin-ca-pool <PATH> to specify the path to the certificate pool
2026-08-13T12:26:07Z INF ICMP proxy will use 192.168.1.10 as source for IPv4
2026-08-13T12:26:07Z INF Tunnel connection curve preferences: [X25519MLKEM768 CurveID(65074) CurveP256] connIndex=0 event=0 ip=2606:4700:a8::1
2026-08-13T12:26:07Z INF ICMP proxy will use 2409:8a55:3e10:490:d0d9:863b:ed47:97b4 in zone WLAN 16 as source for IPv6
2026-08-13T12:26:07Z INF Starting metrics server on 127.0.0.1:20241/metrics
2026-08-13T12:26:12Z ERR Failed to dial a quic connection error="failed to dial to edge with quic: timeout: no recent network activity" connIndex=0 event=0 ip=2606:4700:a8::1
2026-08-13T12:26:12Z INF Retrying connection in up to 2s connIndex=0 event=0 ip=2606:4700:a8::1
2026-08-13T12:26:13Z INF Tunnel connection curve preferences: [X25519MLKEM768 CurveID(65074) CurveP256] connIndex=0 event=0 ip=2606:4700:a0::4
2026-08-13T12:26:16Z INF +----------------------------------------------------------------------------------------------------+
2026-08-13T12:26:16Z INF |                                      CONNECTIVITY PRE-CHECKS                                       |
2026-08-13T12:26:16Z INF +----------------------------------------------------------------------------------------------------+
2026-08-13T12:26:16Z INF |  COMPONENT         TARGET                     STATUS  DETAILS                                      |
2026-08-13T12:26:16Z INF |  DNS Resolution    region1.v2.argotunnel.com  PASS    DNS Resolved successfully                    |
2026-08-13T12:26:16Z INF |  DNS Resolution    region2.v2.argotunnel.com  PASS    DNS Resolved successfully                    |
2026-08-13T12:26:16Z INF |  UDP Connectivity  region1.v2.argotunnel.com  PASS    QUIC connection successful                   |
2026-08-13T12:26:16Z INF |  UDP Connectivity  region2.v2.argotunnel.com  FAIL    QUIC connection failed                       |
2026-08-13T12:26:16Z INF |  TCP Connectivity  region1.v2.argotunnel.com  PASS    HTTP/2 connection successful                 |
2026-08-13T12:26:16Z INF |  TCP Connectivity  region2.v2.argotunnel.com  FAIL    HTTP/2 connection is blocked or unreachable  |
2026-08-13T12:26:16Z INF |  Cloudflare API    api.cloudflare.com:443     PASS    API is reachable                             |
2026-08-13T12:26:16Z INF |  ERROR: Allow outbound QUIC traffic on port 7844 or use HTTP2.                                     |
2026-08-13T12:26:16Z INF |  ERROR: Allow outbound TCP on port 7844.                                                           |
2026-08-13T12:26:16Z INF |                                                                                                    |
2026-08-13T12:26:16Z INF |  SUMMARY: Environment has critical failures. cloudflared may not be able to establish a tunnel.    |
2026-08-13T12:26:16Z INF +----------------------------------------------------------------------------------------------------+
2026-08-13T12:26:16Z INF precheck component="DNS Resolution" details="DNS Resolved successfully" run_id=8757dbef-213b-4c3a-b847-24002d03d168 status=pass target=region1.v2.argotunnel.com
2026-08-13T12:26:16Z INF precheck component="DNS Resolution" details="DNS Resolved successfully" run_id=8757dbef-213b-4c3a-b847-24002d03d168 status=pass target=region2.v2.argotunnel.com
2026-08-13T12:26:16Z INF precheck component="UDP Connectivity" details="QUIC connection successful" run_id=8757dbef-213b-4c3a-b847-24002d03d168 status=pass target=region1.v2.argotunnel.com
2026-08-13T12:26:16Z INF precheck component="UDP Connectivity" details="QUIC connection failed" run_id=8757dbef-213b-4c3a-b847-24002d03d168 status=fail target=region2.v2.argotunnel.com
2026-08-13T12:26:16Z INF precheck component="TCP Connectivity" details="HTTP/2 connection successful" run_id=8757dbef-213b-4c3a-b847-24002d03d168 status=pass target=region1.v2.argotunnel.com
2026-08-13T12:26:16Z INF precheck component="TCP Connectivity" details="HTTP/2 connection is blocked or unreachable" run_id=8757dbef-213b-4c3a-b847-24002d03d168 status=fail target=region2.v2.argotunnel.com
2026-08-13T12:26:16Z INF precheck component="Cloudflare API" details="API is reachable" run_id=8757dbef-213b-4c3a-b847-24002d03d168 status=pass target=api.cloudflare.com:443
2026-08-13T12:26:16Z INF precheck complete hard_fail=true run_id=8757dbef-213b-4c3a-b847-24002d03d168
2026-08-13T12:26:18Z ERR Failed to dial a quic connection error="failed to dial to edge with quic: timeout: no recent network activity" connIndex=0 event=0 ip=2606:4700:a0::4
2026-08-13T12:26:18Z INF Retrying connection in up to 4s connIndex=0 event=0 ip=2606:4700:a0::4
2026-08-13T12:26:19Z INF Tunnel connection curve preferences: [X25519MLKEM768 CurveID(65074) CurveP256] connIndex=0 event=0 ip=198.41.192.37
2026-08-13T12:26:20Z INF Registered tunnel connection connIndex=0 connection=f56778a1-6e80-480a-9657-5b4514fbc768 event=0 ip=198.41.192.37 location=lax07 protocol=quic
